******************************************************************************
                  TI ARM Linker PC v18.12.4                    
******************************************************************************
>> Linked Thu Jan  2 21:46:11 2020

OUTPUT FILE NAME:   <BATTLESHIPv2.1.out>
ENTRY POINT SYMBOL: "_c_int00_noargs"  address: 00002309


MEMORY CONFIGURATION

         name            origin    length      used     unused   attr    fill
----------------------  --------  ---------  --------  --------  ----  --------
  FLASH                 00000000   00040000  00002a04  0003d5fc  R  X
  SRAM                  20000000   00008000  000005e7  00007a19  RW X


SEGMENT ALLOCATION MAP

run origin  load origin   length   init length attrs members
----------  ----------- ---------- ----------- ----- -------
00000000    00000000    00002a08   00002a08    r-x
  00000000    00000000    0000026c   0000026c    r-- .intvecs
  0000026c    0000026c    000023c0   000023c0    r-x .text
  0000262c    0000262c    000002a8   000002a8    r-- .const
  000028d8    000028d8    00000130   00000130    r-- .cinit
20000000    20000000    000005ee   00000000    rw-
  20000000    20000000    00000229   00000000    rw- .data
  20000230    20000230    00000200   00000000    rw- .stack
  20000430    20000430    000001be   00000000    rw- .bss


SECTION ALLOCATION MAP

 output                                  attributes/
section   page    origin      length       input sections
--------  ----  ----------  ----------   ----------------
.intvecs   0    00000000    0000026c     
                  00000000    0000026c     tm4c123gh6pm_startup_ccs.obj (.intvecs)

.text      0    0000026c    000023c0     
                  0000026c    000014b8     main.obj (.text)
                  00001724    000001b6     rtsv7M4_T_le_v4SPD16_eabi.lib : fd_add_t2.asm.obj (.text)
                  000018da    00000136                                   : fd_div_t2.asm.obj (.text)
                  00001a10    00000132     driverlib.lib : gpio.obj (.text:GPIOPadConfigSet)
                  00001b42    00000002     --HOLE-- [fill = 0]
                  00001b44    00000110                   : sysctl.obj (.text:SysCtlClockGet)
                  00001c54    000000fc     rtsv7M4_T_le_v4SPD16_eabi.lib : fd_mul_t2.asm.obj (.text)
                  00001d50    000000f4     driverlib.lib : sysctl.obj (.text:SysCtlClockSet)
                  00001e44    0000009c     rtsv7M4_T_le_v4SPD16_eabi.lib : memcpy_t2.asm.obj (.text)
                  00001ee0    0000007a     driverlib.lib : adc.obj (.text:ADCSequenceStepConfigure)
                  00001f5a    0000007a     rtsv7M4_T_le_v4SPD16_eabi.lib : memset_t2.asm.obj (.text)
                  00001fd4    0000006e                                   : fd_tos_t2.asm.obj (.text)
                  00002042    00000002     --HOLE-- [fill = 0]
                  00002044    00000068     driverlib.lib : interrupt.obj (.text:IntEnable)
                  000020ac    00000068     rtsv7M4_T_le_v4SPD16_eabi.lib : copy_decompress_lzss.c.obj (.text:decompress:lzss:__TI_decompress_lzss)
                  00002114    00000056     driverlib.lib : gpio.obj (.text:GPIOIntTypeSet)
                  0000216a    00000050                   : adc.obj (.text:ADCSequenceConfigure)
                  000021ba    00000002     --HOLE-- [fill = 0]
                  000021bc    00000048                   : gpio.obj (.text:GPIOPinConfigure)
                  00002204    00000046                   : uart.obj (.text:UARTConfigSetExpClk)
                  0000224a    00000002     --HOLE-- [fill = 0]
                  0000224c    00000044     rtsv7M4_T_le_v4SPD16_eabi.lib : autoinit.c.obj (.text:__TI_auto_init_nobinit_nopinit:__TI_auto_init_nobinit_nopinit)
                  00002290    00000044                                   : fd_tou_t2.asm.obj (.text)
                  000022d4    00000034     driverlib.lib : sysctl.obj (.text:SysCtlPeripheralEnable)
                  00002308    00000034     rtsv7M4_T_le_v4SPD16_eabi.lib : boot_cortex_m.c.obj (.text:_c_int00_noargs:_c_int00_noargs)
                  0000233c    0000002e     driverlib.lib : adc.obj (.text:ADCIntStatus)
                  0000236a    0000002e     rtsv7M4_T_le_v4SPD16_eabi.lib : i_tofd_t2.asm.obj (.text)
                  00002398    0000002a     driverlib.lib : gpio.obj (.text:GPIODirModeSet)
                  000023c2    00000002     --HOLE-- [fill = 0]
                  000023c4    00000024                   : interrupt.obj (.text:IntPrioritySet)
                  000023e8    00000022                   : pwm.obj (.text:PWMGenConfigure)
                  0000240a    00000002     --HOLE-- [fill = 0]
                  0000240c    00000020                   : uart.obj (.text:UARTDisable)
                  0000242c    00000020     rtsv7M4_T_le_v4SPD16_eabi.lib : u_tofd_t2.asm.obj (.text)
                  0000244c    0000001e     driverlib.lib : adc.obj (.text:ADCSequenceDataGet)
                  0000246a    0000001e                   : pwm.obj (.text:PWMPulseWidthSet)
                  00002488    0000001c     rtsv7M4_T_le_v4SPD16_eabi.lib : copy_zero_init.c.obj (.text:decompress:ZI:__TI_zero_init_nomemset:__TI_zero_init_nomemset)
                  000024a4    00000018     driverlib.lib : adc.obj (.text:ADCProcessorTrigger)
                  000024bc    00000018                   : gpio.obj (.text:GPIOPinTypeGPIOOutput)
                  000024d4    00000014                   : sysctl.obj (.text:SysCtlPWMClockSet)
                  000024e8    00000014                   : uart.obj (.text:UARTEnable)
                  000024fc    00000012                   : gpio.obj (.text:GPIOPinTypeADC)
                  0000250e    00000012                   : gpio.obj (.text:GPIOPinTypeGPIOInput)
                  00002520    00000012                   : gpio.obj (.text:GPIOPinTypePWM)
                  00002532    00000012                   : gpio.obj (.text:GPIOPinTypeUART)
                  00002544    00000012                   : pwm.obj (.text:PWMOutputState)
                  00002556    00000010                   : interrupt.obj (.text:IntMasterEnable)
                  00002566    00000010                   : pwm.obj (.text:PWMGenPeriodSet)
                  00002576    0000000e                   : adc.obj (.text:ADCSequenceEnable)
                  00002584    0000000e                   : gpio.obj (.text:GPIOIntStatus)
                  00002592    0000000e                   : uart.obj (.text:UARTCharsAvail)
                  000025a0    0000000e     rtsv7M4_T_le_v4SPD16_eabi.lib : copy_decompress_none.c.obj (.text:decompress:none:__TI_decompress_none)
                  000025ae    0000000c     driverlib.lib : cpu.obj (.text:CPUcpsie)
                  000025ba    0000000c                   : gpio.obj (.text:GPIOIntEnable)
                  000025c6    0000000c                   : pwm.obj (.text:PWMGenEnable)
                  000025d2    0000000c     tm4c123gh6pm_startup_ccs.obj (.text)
                  000025de    0000000a     driverlib.lib : adc.obj (.text:ADCIntClear)
                  000025e8    0000000a                   : uart.obj (.text:UARTCharGet)
                  000025f2    0000000a                   : uart.obj (.text:UARTCharPut)
                  000025fc    0000000a                   : uart.obj (.text:UARTIntStatus)
                  00002606    00000008                   : uart.obj (.text:UARTIntEnable)
                  0000260e    00000006                   : gpio.obj (.text:GPIOIntClear)
                  00002614    00000006                   : gpio.obj (.text:GPIOPinWrite)
                  0000261a    00000006                   : sysctl.obj (.text:SysCtlDelay)
                  00002620    00000004                   : uart.obj (.text:UARTIntClear)
                  00002624    00000004     rtsv7M4_T_le_v4SPD16_eabi.lib : pre_init.c.obj (.text:_system_pre_init)
                  00002628    00000004                                   : exit.c.obj (.text:abort:abort)

.const     0    0000262c    000002a8     
                  0000262c    0000009c     driverlib.lib : interrupt.obj (.const:g_pui32Regs)
                  000026c8    00000090                   : gpio.obj (.const:g_pui32GPIOBaseAddrs)
                  00002758    00000070                   : interrupt.obj (.const)
                  000027c8    0000006c                   : sysctl.obj (.const:g_pui32Xtals)
                  00002834    00000050     main.obj (.const:ORIENTACION)
                  00002884    00000030     main.obj (.const:BATTLESHIP)
                  000028b4    00000020     main.obj (.const:BARCO_ALMACENAR)

.cinit     0    000028d8    00000130     
                  000028d8    00000105     (.cinit..data.load) [load image, compression = lzss]
                  000029dd    00000003     --HOLE-- [fill = 0]
                  000029e0    0000000c     (__TI_handler_table)
                  000029ec    00000004     --HOLE-- [fill = 0]
                  000029f0    00000008     (.cinit..bss.load) [load image, compression = zero_init]
                  000029f8    00000010     (__TI_cinit_table)

.init_array 
*          0    00000000    00000000     UNINITIALIZED

.data      0    20000000    00000229     UNINITIALIZED
                  20000000    00000100     main.obj (.data:AngulosDeServoH)
                  20000100    00000100     main.obj (.data:AngulosDeServoV)
                  20000200    00000025     main.obj (.data)
                  20000225    00000004     main.obj (.data:FIFO)

.bss       0    20000430    000001be     UNINITIALIZED
                  20000430    00000100     (.common:Board)
                  20000530    00000070     (.common:BARCOS)
                  200005a0    00000010     (.common:SamplesADC0)
                  200005b0    00000004     (.common:AnchoPulsoH)
                  200005b4    00000004     (.common:AnchoPulsoV)
                  200005b8    00000004     (.common:Column)
                  200005bc    00000004     (.common:ComoRecorrerC)
                  200005c0    00000004     (.common:ComoRecorrerF)
                  200005c4    00000004     (.common:Limite)
                  200005c8    00000004     (.common:LoadCycles)
                  200005cc    00000004     (.common:PWMFreq)
                  200005d0    00000004     (.common:PosicionH)
                  200005d4    00000004     (.common:PosicionV)
                  200005d8    00000004     (.common:PromedioPotH)
                  200005dc    00000004     (.common:PromedioPotV)
                  200005e0    00000004     (.common:QueRecorrer)
                  200005e4    00000004     (.common:Row)
                  200005e8    00000004     (.common:SumaOResta)
                  200005ec    00000001     (.common:Dato)
                  200005ed    00000001     (.common:DatoRecorrer)

.stack     0    20000230    00000200     UNINITIALIZED
                  20000230    00000004     rtsv7M4_T_le_v4SPD16_eabi.lib : boot_cortex_m.c.obj (.stack)
                  20000234    000001fc     --HOLE--

MODULE SUMMARY

       Module                         code   ro data   rw data
       ------                         ----   -------   -------
    .\
       main.obj                       5304   160       999    
       tm4c123gh6pm_startup_ccs.obj   12     620       0      
    +--+------------------------------+------+---------+---------+
       Total:                         5316   780       999    
                                                              
    ../driverlib.lib
       gpio.obj                       640    144       0      
       sysctl.obj                     594    108       0      
       interrupt.obj                  156    268       0      
       adc.obj                        326    0         0      
       uart.obj                       178    0         0      
       pwm.obj                        110    0         0      
       cpu.obj                        12     0         0      
    +--+------------------------------+------+---------+---------+
       Total:                         2016   520       0      
                                                              
    C:\ti\ccs920\ccs\tools\compiler\ti-cgt-arm_18.12.4.LTS\lib\rtsv7M4_T_le_v4SPD16_eabi.lib
       fd_add_t2.asm.obj              438    0         0      
       fd_div_t2.asm.obj              310    0         0      
       fd_mul_t2.asm.obj              252    0         0      
       memcpy_t2.asm.obj              156    0         0      
       memset_t2.asm.obj              122    0         0      
       fd_tos_t2.asm.obj              110    0         0      
       copy_decompress_lzss.c.obj     104    0         0      
       autoinit.c.obj                 68     0         0      
       fd_tou_t2.asm.obj              68     0         0      
       boot_cortex_m.c.obj            52     0         0      
       i_tofd_t2.asm.obj              46     0         0      
       u_tofd_t2.asm.obj              32     0         0      
       copy_zero_init.c.obj           28     0         0      
       copy_decompress_none.c.obj     14     0         0      
       exit.c.obj                     4      0         0      
       pre_init.c.obj                 4      0         0      
    +--+------------------------------+------+---------+---------+
       Total:                         1808   0         0      
                                                              
       Stack:                         0      0         512    
       Linker Generated:              0      297       0      
    +--+------------------------------+------+---------+---------+
       Grand Total:                   9140   1597      1511   


LINKER GENERATED COPY TABLES

__TI_cinit_table @ 000029f8 records: 2, size/record: 8, table size: 16
	.data: load addr=000028d8, load size=00000105 bytes, run addr=20000000, run size=00000229 bytes, compression=lzss
	.bss: load addr=000029f0, load size=00000008 bytes, run addr=20000430, run size=000001be bytes, compression=zero_init


LINKER GENERATED HANDLER TABLE

__TI_handler_table @ 000029e0 records: 3, size/record: 4, table size: 12
	index: 0, handler: __TI_decompress_lzss
	index: 1, handler: __TI_decompress_none
	index: 2, handler: __TI_zero_init


GLOBAL SYMBOLS: SORTED ALPHABETICALLY BY Name 

address   name                          
-------   ----                          
00000341  ADC                           
000025df  ADCIntClear                   
0000233d  ADCIntStatus                  
000024a5  ADCProcessorTrigger           
0000216b  ADCSequenceConfigure          
0000244d  ADCSequenceDataGet            
00002577  ADCSequenceEnable             
00001ee1  ADCSequenceStepConfigure      
000004a1  Acierto                       
200005b0  AnchoPulsoH                   
200005b4  AnchoPulsoV                   
20000000  AngulosDeServoH               
20000100  AngulosDeServoV               
20000530  BARCOS                        
000028b4  BARCO_ALMACENAR               
00002884  BATTLESHIP                    
000014c1  BOTONES                       
20000200  BarcoQueSeColoca              
00000501  Barco_Hundido                 
20000430  Board                         
00002629  C$$EXIT                       
000025af  CPUcpsie                      
0000136d  Clock_Matriz                  
200005b8  Column                        
200005bc  ComoRecorrerC                 
200005c0  ComoRecorrerF                 
200005ec  Dato                          
200005ed  DatoRecorrer                  
20000204  DireccionFlecha               
20000214  DisparosBG                    
20000218  DisparosBM                    
2000021c  DisparosBP1                   
20000220  DisparosBP2                   
20000210  EstadoDeJuego                 
20000225  FIFO                          
000004cf  Fallo_Error                   
0000026d  GPIO                          
00002399  GPIODirModeSet                
0000260f  GPIOIntClear                  
000025bb  GPIOIntEnable                 
00002585  GPIOIntStatus                 
00002115  GPIOIntTypeSet                
00001a11  GPIOPadConfigSet              
000021bd  GPIOPinConfigure              
000024fd  GPIOPinTypeADC                
0000250f  GPIOPinTypeGPIOInput          
000024bd  GPIOPinTypeGPIOOutput         
00002521  GPIOPinTypePWM                
00002533  GPIOPinTypeUART               
00002615  GPIOPinWrite                  
000005a9  Ganar                         
000009cd  GetBarco                      
20000224  HabilitarColumna              
00001649  INICIO                        
0000048f  Indicador                     
00002045  IntEnable                     
00002557  IntMasterEnable               
000023c5  IntPrioritySet                
00000721  Intersection_Of_Ships         
200005c4  Limite                        
200005c8  LoadCycles                    
00000421  NVIC                          
20000208  NumCaracterRecibido           
00002834  ORIENTACION                   
0000038f  PWM                           
200005cc  PWMFreq                       
000023e9  PWMGenConfigure               
000025c7  PWMGenEnable                  
00002567  PWMGenPeriodSet               
00002545  PWMOutputState                
0000246b  PWMPulseWidthSet              
0000064d  Perder                        
200005d0  PosicionH                     
200005d4  PosicionV                     
000013b9  Print_Matriz                  
200005d8  PromedioPotH                  
200005dc  PromedioPotV                  
200005e0  QueRecorrer                   
00000d85  Receive_Data                  
000025d3  ResetISR                      
200005e4  Row                           
200005a0  SamplesADC0                   
00000b05  Send_Data                     
00001199  Servomotores_Move             
000006e1  Space_Of_Ships                
0000130d  Start_Matriz                  
00000821  Storage_Of_Ships              
0000045f  Suena_Buzzer                  
200005e8  SumaOResta                    
00001b45  SysCtlClockGet                
00001d51  SysCtlClockSet                
0000261b  SysCtlDelay                   
000024d5  SysCtlPWMClockSet             
000022d5  SysCtlPeripheralEnable        
00000405  UART                          
000025e9  UARTCharGet                   
000025f3  UARTCharPut                   
00002593  UARTCharsAvail                
00002205  UARTConfigSetExpClk           
0000240d  UARTDisable                   
000024e9  UARTEnable                    
000015f1  UARTInt                       
00002621  UARTIntClear                  
00002607  UARTIntEnable                 
000025fd  UARTIntStatus                 
2000020c  UltimoCaracter                
20000430  __STACK_END                   
00000200  __STACK_SIZE                  
20000430  __STACK_TOP                   
000029f8  __TI_CINIT_Base               
00002a08  __TI_CINIT_Limit              
000029e0  __TI_Handler_Table_Base       
000029ec  __TI_Handler_Table_Limit      
0000224d  __TI_auto_init_nobinit_nopinit
000020ad  __TI_decompress_lzss          
000025a1  __TI_decompress_none          
ffffffff  __TI_pprof_out_hndl           
ffffffff  __TI_prof_data_size           
ffffffff  __TI_prof_data_start          
00000000  __TI_static_base__            
00002489  __TI_zero_init_nomemset       
00001fd5  __aeabi_d2f                   
00002291  __aeabi_d2uiz                 
0000172f  __aeabi_dadd                  
000018db  __aeabi_ddiv                  
00001c55  __aeabi_dmul                  
00001725  __aeabi_dsub                  
0000236b  __aeabi_i2d                   
00001f5b  __aeabi_memclr                
00001f5b  __aeabi_memclr4               
00001f5b  __aeabi_memclr8               
00001e45  __aeabi_memcpy                
00001e45  __aeabi_memcpy4               
00001e45  __aeabi_memcpy8               
00001f5d  __aeabi_memset                
00001f5d  __aeabi_memset4               
00001f5d  __aeabi_memset8               
0000242d  __aeabi_ui2d                  
ffffffff  __binit__                     
ffffffff  __c_args__                    
UNDEFED   __mpu_init                    
20000230  __stack                       
00002309  _c_int00_noargs               
UNDEFED   _system_post_cinit            
00002625  _system_pre_init              
00002629  abort                         
ffffffff  binit                         
00000000  g_pfnVectors                  
00001679  main                          
00001e45  memcpy                        
00001f63  memset                        


GLOBAL SYMBOLS: SORTED BY Symbol Address 

address   name                          
-------   ----                          
00000000  __TI_static_base__            
00000000  g_pfnVectors                  
00000200  __STACK_SIZE                  
0000026d  GPIO                          
00000341  ADC                           
0000038f  PWM                           
00000405  UART                          
00000421  NVIC                          
0000045f  Suena_Buzzer                  
0000048f  Indicador                     
000004a1  Acierto                       
000004cf  Fallo_Error                   
00000501  Barco_Hundido                 
000005a9  Ganar                         
0000064d  Perder                        
000006e1  Space_Of_Ships                
00000721  Intersection_Of_Ships         
00000821  Storage_Of_Ships              
000009cd  GetBarco                      
00000b05  Send_Data                     
00000d85  Receive_Data                  
00001199  Servomotores_Move             
0000130d  Start_Matriz                  
0000136d  Clock_Matriz                  
000013b9  Print_Matriz                  
000014c1  BOTONES                       
000015f1  UARTInt                       
00001649  INICIO                        
00001679  main                          
00001725  __aeabi_dsub                  
0000172f  __aeabi_dadd                  
000018db  __aeabi_ddiv                  
00001a11  GPIOPadConfigSet              
00001b45  SysCtlClockGet                
00001c55  __aeabi_dmul                  
00001d51  SysCtlClockSet                
00001e45  __aeabi_memcpy                
00001e45  __aeabi_memcpy4               
00001e45  __aeabi_memcpy8               
00001e45  memcpy                        
00001ee1  ADCSequenceStepConfigure      
00001f5b  __aeabi_memclr                
00001f5b  __aeabi_memclr4               
00001f5b  __aeabi_memclr8               
00001f5d  __aeabi_memset                
00001f5d  __aeabi_memset4               
00001f5d  __aeabi_memset8               
00001f63  memset                        
00001fd5  __aeabi_d2f                   
00002045  IntEnable                     
000020ad  __TI_decompress_lzss          
00002115  GPIOIntTypeSet                
0000216b  ADCSequenceConfigure          
000021bd  GPIOPinConfigure              
00002205  UARTConfigSetExpClk           
0000224d  __TI_auto_init_nobinit_nopinit
00002291  __aeabi_d2uiz                 
000022d5  SysCtlPeripheralEnable        
00002309  _c_int00_noargs               
0000233d  ADCIntStatus                  
0000236b  __aeabi_i2d                   
00002399  GPIODirModeSet                
000023c5  IntPrioritySet                
000023e9  PWMGenConfigure               
0000240d  UARTDisable                   
0000242d  __aeabi_ui2d                  
0000244d  ADCSequenceDataGet            
0000246b  PWMPulseWidthSet              
00002489  __TI_zero_init_nomemset       
000024a5  ADCProcessorTrigger           
000024bd  GPIOPinTypeGPIOOutput         
000024d5  SysCtlPWMClockSet             
000024e9  UARTEnable                    
000024fd  GPIOPinTypeADC                
0000250f  GPIOPinTypeGPIOInput          
00002521  GPIOPinTypePWM                
00002533  GPIOPinTypeUART               
00002545  PWMOutputState                
00002557  IntMasterEnable               
00002567  PWMGenPeriodSet               
00002577  ADCSequenceEnable             
00002585  GPIOIntStatus                 
00002593  UARTCharsAvail                
000025a1  __TI_decompress_none          
000025af  CPUcpsie                      
000025bb  GPIOIntEnable                 
000025c7  PWMGenEnable                  
000025d3  ResetISR                      
000025df  ADCIntClear                   
000025e9  UARTCharGet                   
000025f3  UARTCharPut                   
000025fd  UARTIntStatus                 
00002607  UARTIntEnable                 
0000260f  GPIOIntClear                  
00002615  GPIOPinWrite                  
0000261b  SysCtlDelay                   
00002621  UARTIntClear                  
00002625  _system_pre_init              
00002629  C$$EXIT                       
00002629  abort                         
00002834  ORIENTACION                   
00002884  BATTLESHIP                    
000028b4  BARCO_ALMACENAR               
000029e0  __TI_Handler_Table_Base       
000029ec  __TI_Handler_Table_Limit      
000029f8  __TI_CINIT_Base               
00002a08  __TI_CINIT_Limit              
20000000  AngulosDeServoH               
20000100  AngulosDeServoV               
20000200  BarcoQueSeColoca              
20000204  DireccionFlecha               
20000208  NumCaracterRecibido           
2000020c  UltimoCaracter                
20000210  EstadoDeJuego                 
20000214  DisparosBG                    
20000218  DisparosBM                    
2000021c  DisparosBP1                   
20000220  DisparosBP2                   
20000224  HabilitarColumna              
20000225  FIFO                          
20000230  __stack                       
20000430  Board                         
20000430  __STACK_END                   
20000430  __STACK_TOP                   
20000530  BARCOS                        
200005a0  SamplesADC0                   
200005b0  AnchoPulsoH                   
200005b4  AnchoPulsoV                   
200005b8  Column                        
200005bc  ComoRecorrerC                 
200005c0  ComoRecorrerF                 
200005c4  Limite                        
200005c8  LoadCycles                    
200005cc  PWMFreq                       
200005d0  PosicionH                     
200005d4  PosicionV                     
200005d8  PromedioPotH                  
200005dc  PromedioPotV                  
200005e0  QueRecorrer                   
200005e4  Row                           
200005e8  SumaOResta                    
200005ec  Dato                          
200005ed  DatoRecorrer                  
ffffffff  __TI_pprof_out_hndl           
ffffffff  __TI_prof_data_size           
ffffffff  __TI_prof_data_start          
ffffffff  __binit__                     
ffffffff  __c_args__                    
ffffffff  binit                         
UNDEFED   __mpu_init                    
UNDEFED   _system_post_cinit            

[151 symbols]
